11:32:11 **** Build of configuration Debug for project STM32072B_EVAL_USB ****
make all 
Building file: D:/Program Files/STMicroelectronics/STM32Cube_FW_F0_V1.6.0/Middlewares/ST/STM32_USB_Device_Library/Core/Src/usbd_core.c
Invoking: MCU GCC Compiler
%cd%
arm-none-eabi-gcc -mcpu=cortex-m0 -mthumb -mfloat-abi=soft -DSTM32F072xB -DUSE_STM32072B_EVAL -DUSE_HAL_DRIVER -I"D:/Program Files/STMicroelectronics/STM32Cube_FW_F0_V1.6.0/Projects/STM32072B_EVAL/Applications/USB_Device/CDC_Standalone/Inc" -I"D:/Program Files/STMicroelectronics/STM32Cube_FW_F0_V1.6.0/Drivers/CMSIS/Device/ST/STM32F0xx/Include" -I"D:/Program Files/STMicroelectronics/STM32Cube_FW_F0_V1.6.0/Drivers/STM32F0xx_HAL_Driver/Inc" -I"D:/Program Files/STMicroelectronics/STM32Cube_FW_F0_V1.6.0/Drivers/BSP/STM32072B_EVAL" -I"D:/Program Files/STMicroelectronics/STM32Cube_FW_F0_V1.6.0/Drivers/BSP/Components/Common" -I"D:/Program Files/STMicroelectronics/STM32Cube_FW_F0_V1.6.0/Middlewares/ST/STM32_USB_Device_Library/Core/Inc" -I"D:/Program Files/STMicroelectronics/STM32Cube_FW_F0_V1.6.0/Middlewares/ST/STM32_USB_Device_Library/Class/CDC/Inc" -I"D:/Program Files/STMicroelectronics/STM32Cube_FW_F0_V1.6.0/Drivers/CMSIS/Include"  -Os -g3 -Wall -fmessage-length=0 -ffunction-sections -c -fmessage-length=0 -MMD -MP -MF"Middlewares/STM32_USBD_Library/Core/usbd_core.d" -MT"Middlewares/STM32_USBD_Library/Core/usbd_core.o" -o "Middlewares/STM32_USBD_Library/Core/usbd_core.o" "D:/Program Files/STMicroelectronics/STM32Cube_FW_F0_V1.6.0/Middlewares/ST/STM32_USB_Device_Library/Core/Src/usbd_core.c"
Finished building: D:/Program Files/STMicroelectronics/STM32Cube_FW_F0_V1.6.0/Middlewares/ST/STM32_USB_Device_Library/Core/Src/usbd_core.c
 
Building file: D:/Program Files/STMicroelectronics/STM32Cube_FW_F0_V1.6.0/Middlewares/ST/STM32_USB_Device_Library/Core/Src/usbd_ctlreq.c
Invoking: MCU GCC Compiler
%cd%
arm-none-eabi-gcc -mcpu=cortex-m0 -mthumb -mfloat-abi=soft -DSTM32F072xB -DUSE_STM32072B_EVAL -DUSE_HAL_DRIVER -I"D:/Program Files/STMicroelectronics/STM32Cube_FW_F0_V1.6.0/Projects/STM32072B_EVAL/Applications/USB_Device/CDC_Standalone/Inc" -I"D:/Program Files/STMicroelectronics/STM32Cube_FW_F0_V1.6.0/Drivers/CMSIS/Device/ST/STM32F0xx/Include" -I"D:/Program Files/STMicroelectronics/STM32Cube_FW_F0_V1.6.0/Drivers/STM32F0xx_HAL_Driver/Inc" -I"D:/Program Files/STMicroelectronics/STM32Cube_FW_F0_V1.6.0/Drivers/BSP/STM32072B_EVAL" -I"D:/Program Files/STMicroelectronics/STM32Cube_FW_F0_V1.6.0/Drivers/BSP/Components/Common" -I"D:/Program Files/STMicroelectronics/STM32Cube_FW_F0_V1.6.0/Middlewares/ST/STM32_USB_Device_Library/Core/Inc" -I"D:/Program Files/STMicroelectronics/STM32Cube_FW_F0_V1.6.0/Middlewares/ST/STM32_USB_Device_Library/Class/CDC/Inc" -I"D:/Program Files/STMicroelectronics/STM32Cube_FW_F0_V1.6.0/Drivers/CMSIS/Include"  -Os -g3 -Wall -fmessage-length=0 -ffunction-sections -c -fmessage-length=0 -MMD -MP -MF"Middlewares/STM32_USBD_Library/Core/usbd_ctlreq.d" -MT"Middlewares/STM32_USBD_Library/Core/usbd_ctlreq.o" -o "Middlewares/STM32_USBD_Library/Core/usbd_ctlreq.o" "D:/Program Files/STMicroelectronics/STM32Cube_FW_F0_V1.6.0/Middlewares/ST/STM32_USB_Device_Library/Core/Src/usbd_ctlreq.c"
Finished building: D:/Program Files/STMicroelectronics/STM32Cube_FW_F0_V1.6.0/Middlewares/ST/STM32_USB_Device_Library/Core/Src/usbd_ctlreq.c
 
Building file: D:/Program Files/STMicroelectronics/STM32Cube_FW_F0_V1.6.0/Middlewares/ST/STM32_USB_Device_Library/Core/Src/usbd_ioreq.c
Invoking: MCU GCC Compiler
%cd%
arm-none-eabi-gcc -mcpu=cortex-m0 -mthumb -mfloat-abi=soft -DSTM32F072xB -DUSE_STM32072B_EVAL -DUSE_HAL_DRIVER -I"D:/Program Files/STMicroelectronics/STM32Cube_FW_F0_V1.6.0/Projects/STM32072B_EVAL/Applications/USB_Device/CDC_Standalone/Inc" -I"D:/Program Files/STMicroelectronics/STM32Cube_FW_F0_V1.6.0/Drivers/CMSIS/Device/ST/STM32F0xx/Include" -I"D:/Program Files/STMicroelectronics/STM32Cube_FW_F0_V1.6.0/Drivers/STM32F0xx_HAL_Driver/Inc" -I"D:/Program Files/STMicroelectronics/STM32Cube_FW_F0_V1.6.0/Drivers/BSP/STM32072B_EVAL" -I"D:/Program Files/STMicroelectronics/STM32Cube_FW_F0_V1.6.0/Drivers/BSP/Components/Common" -I"D:/Program Files/STMicroelectronics/STM32Cube_FW_F0_V1.6.0/Middlewares/ST/STM32_USB_Device_Library/Core/Inc" -I"D:/Program Files/STMicroelectronics/STM32Cube_FW_F0_V1.6.0/Middlewares/ST/STM32_USB_Device_Library/Class/CDC/Inc" -I"D:/Program Files/STMicroelectronics/STM32Cube_FW_F0_V1.6.0/Drivers/CMSIS/Include"  -Os -g3 -Wall -fmessage-length=0 -ffunction-sections -c -fmessage-length=0 -MMD -MP -MF"Middlewares/STM32_USBD_Library/Core/usbd_ioreq.d" -MT"Middlewares/STM32_USBD_Library/Core/usbd_ioreq.o" -o "Middlewares/STM32_USBD_Library/Core/usbd_ioreq.o" "D:/Program Files/STMicroelectronics/STM32Cube_FW_F0_V1.6.0/Middlewares/ST/STM32_USB_Device_Library/Core/Src/usbd_ioreq.c"
Finished building: D:/Program Files/STMicroelectronics/STM32Cube_FW_F0_V1.6.0/Middlewares/ST/STM32_USB_Device_Library/Core/Src/usbd_ioreq.c
 
Building file: D:/Program Files/STMicroelectronics/STM32Cube_FW_F0_V1.6.0/Middlewares/ST/STM32_USB_Device_Library/Class/CDC/Src/usbd_cdc.c
Invoking: MCU GCC Compiler
%cd%
arm-none-eabi-gcc -mcpu=cortex-m0 -mthumb -mfloat-abi=soft -DSTM32F072xB -DUSE_STM32072B_EVAL -DUSE_HAL_DRIVER -I"D:/Program Files/STMicroelectronics/STM32Cube_FW_F0_V1.6.0/Projects/STM32072B_EVAL/Applications/USB_Device/CDC_Standalone/Inc" -I"D:/Program Files/STMicroelectronics/STM32Cube_FW_F0_V1.6.0/Drivers/CMSIS/Device/ST/STM32F0xx/Include" -I"D:/Program Files/STMicroelectronics/STM32Cube_FW_F0_V1.6.0/Drivers/STM32F0xx_HAL_Driver/Inc" -I"D:/Program Files/STMicroelectronics/STM32Cube_FW_F0_V1.6.0/Drivers/BSP/STM32072B_EVAL" -I"D:/Program Files/STMicroelectronics/STM32Cube_FW_F0_V1.6.0/Drivers/BSP/Components/Common" -I"D:/Program Files/STMicroelectronics/STM32Cube_FW_F0_V1.6.0/Middlewares/ST/STM32_USB_Device_Library/Core/Inc" -I"D:/Program Files/STMicroelectronics/STM32Cube_FW_F0_V1.6.0/Middlewares/ST/STM32_USB_Device_Library/Class/CDC/Inc" -I"D:/Program Files/STMicroelectronics/STM32Cube_FW_F0_V1.6.0/Drivers/CMSIS/Include"  -Os -g3 -Wall -fmessage-length=0 -ffunction-sections -c -fmessage-length=0 -MMD -MP -MF"Middlewares/STM32_USBD_Library/Class/CDC/usbd_cdc.d" -MT"Middlewares/STM32_USBD_Library/Class/CDC/usbd_cdc.o" -o "Middlewares/STM32_USBD_Library/Class/CDC/usbd_cdc.o" "D:/Program Files/STMicroelectronics/STM32Cube_FW_F0_V1.6.0/Middlewares/ST/STM32_USB_Device_Library/Class/CDC/Src/usbd_cdc.c"
Finished building: D:/Program Files/STMicroelectronics/STM32Cube_FW_F0_V1.6.0/Middlewares/ST/STM32_USB_Device_Library/Class/CDC/Src/usbd_cdc.c
 
Building file: D:/Program Files/STMicroelectronics/STM32Cube_FW_F0_V1.6.0/Drivers/STM32F0xx_HAL_Driver/Src/stm32f0xx_hal.c
Invoking: MCU GCC Compiler
%cd%
arm-none-eabi-gcc -mcpu=cortex-m0 -mthumb -mfloat-abi=soft -DSTM32F072xB -DUSE_STM32072B_EVAL -DUSE_HAL_DRIVER -I"D:/Program Files/STMicroelectronics/STM32Cube_FW_F0_V1.6.0/Projects/STM32072B_EVAL/Applications/USB_Device/CDC_Standalone/Inc" -I"D:/Program Files/STMicroelectronics/STM32Cube_FW_F0_V1.6.0/Drivers/CMSIS/Device/ST/STM32F0xx/Include" -I"D:/Program Files/STMicroelectronics/STM32Cube_FW_F0_V1.6.0/Drivers/STM32F0xx_HAL_Driver/Inc" -I"D:/Program Files/STMicroelectronics/STM32Cube_FW_F0_V1.6.0/Drivers/BSP/STM32072B_EVAL" -I"D:/Program Files/STMicroelectronics/STM32Cube_FW_F0_V1.6.0/Drivers/BSP/Components/Common" -I"D:/Program Files/STMicroelectronics/STM32Cube_FW_F0_V1.6.0/Middlewares/ST/STM32_USB_Device_Library/Core/Inc" -I"D:/Program Files/STMicroelectronics/STM32Cube_FW_F0_V1.6.0/Middlewares/ST/STM32_USB_Device_Library/Class/CDC/Inc" -I"D:/Program Files/STMicroelectronics/STM32Cube_FW_F0_V1.6.0/Drivers/CMSIS/Include"  -Os -g3 -Wall -fmessage-length=0 -ffunction-sections -c -fmessage-length=0 -MMD -MP -MF"Drivers/STM32F0xx_HAL_Driver/stm32f0xx_hal.d" -MT"Drivers/STM32F0xx_HAL_Driver/stm32f0xx_hal.o" -o "Drivers/STM32F0xx_HAL_Driver/stm32f0xx_hal.o" "D:/Program Files/STMicroelectronics/STM32Cube_FW_F0_V1.6.0/Drivers/STM32F0xx_HAL_Driver/Src/stm32f0xx_hal.c"
Finished building: D:/Program Files/STMicroelectronics/STM32Cube_FW_F0_V1.6.0/Drivers/STM32F0xx_HAL_Driver/Src/stm32f0xx_hal.c
 
Building file: D:/Program Files/STMicroelectronics/STM32Cube_FW_F0_V1.6.0/Drivers/STM32F0xx_HAL_Driver/Src/stm32f0xx_hal_cortex.c
Invoking: MCU GCC Compiler
%cd%
arm-none-eabi-gcc -mcpu=cortex-m0 -mthumb -mfloat-abi=soft -DSTM32F072xB -DUSE_STM32072B_EVAL -DUSE_HAL_DRIVER -I"D:/Program Files/STMicroelectronics/STM32Cube_FW_F0_V1.6.0/Projects/STM32072B_EVAL/Applications/USB_Device/CDC_Standalone/Inc" -I"D:/Program Files/STMicroelectronics/STM32Cube_FW_F0_V1.6.0/Drivers/CMSIS/Device/ST/STM32F0xx/Include" -I"D:/Program Files/STMicroelectronics/STM32Cube_FW_F0_V1.6.0/Drivers/STM32F0xx_HAL_Driver/Inc" -I"D:/Program Files/STMicroelectronics/STM32Cube_FW_F0_V1.6.0/Drivers/BSP/STM32072B_EVAL" -I"D:/Program Files/STMicroelectronics/STM32Cube_FW_F0_V1.6.0/Drivers/BSP/Components/Common" -I"D:/Program Files/STMicroelectronics/STM32Cube_FW_F0_V1.6.0/Middlewares/ST/STM32_USB_Device_Library/Core/Inc" -I"D:/Program Files/STMicroelectronics/STM32Cube_FW_F0_V1.6.0/Middlewares/ST/STM32_USB_Device_Library/Class/CDC/Inc" -I"D:/Program Files/STMicroelectronics/STM32Cube_FW_F0_V1.6.0/Drivers/CMSIS/Include"  -Os -g3 -Wall -fmessage-length=0 -ffunction-sections -c -fmessage-length=0 -MMD -MP -MF"Drivers/STM32F0xx_HAL_Driver/stm32f0xx_hal_cortex.d" -MT"Drivers/STM32F0xx_HAL_Driver/stm32f0xx_hal_cortex.o" -o "Drivers/STM32F0xx_HAL_Driver/stm32f0xx_hal_cortex.o" "D:/Program Files/STMicroelectronics/STM32Cube_FW_F0_V1.6.0/Drivers/STM32F0xx_HAL_Driver/Src/stm32f0xx_hal_cortex.c"
Finished building: D:/Program Files/STMicroelectronics/STM32Cube_FW_F0_V1.6.0/Drivers/STM32F0xx_HAL_Driver/Src/stm32f0xx_hal_cortex.c
 
Building file: D:/Program Files/STMicroelectronics/STM32Cube_FW_F0_V1.6.0/Drivers/STM32F0xx_HAL_Driver/Src/stm32f0xx_hal_dma.c
Invoking: MCU GCC Compiler
%cd%
arm-none-eabi-gcc -mcpu=cortex-m0 -mthumb -mfloat-abi=soft -DSTM32F072xB -DUSE_STM32072B_EVAL -DUSE_HAL_DRIVER -I"D:/Program Files/STMicroelectronics/STM32Cube_FW_F0_V1.6.0/Projects/STM32072B_EVAL/Applications/USB_Device/CDC_Standalone/Inc" -I"D:/Program Files/STMicroelectronics/STM32Cube_FW_F0_V1.6.0/Drivers/CMSIS/Device/ST/STM32F0xx/Include" -I"D:/Program Files/STMicroelectronics/STM32Cube_FW_F0_V1.6.0/Drivers/STM32F0xx_HAL_Driver/Inc" -I"D:/Program Files/STMicroelectronics/STM32Cube_FW_F0_V1.6.0/Drivers/BSP/STM32072B_EVAL" -I"D:/Program Files/STMicroelectronics/STM32Cube_FW_F0_V1.6.0/Drivers/BSP/Components/Common" -I"D:/Program Files/STMicroelectronics/STM32Cube_FW_F0_V1.6.0/Middlewares/ST/STM32_USB_Device_Library/Core/Inc" -I"D:/Program Files/STMicroelectronics/STM32Cube_FW_F0_V1.6.0/Middlewares/ST/STM32_USB_Device_Library/Class/CDC/Inc" -I"D:/Program Files/STMicroelectronics/STM32Cube_FW_F0_V1.6.0/Drivers/CMSIS/Include"  -Os -g3 -Wall -fmessage-length=0 -ffunction-sections -c -fmessage-length=0 -MMD -MP -MF"Drivers/STM32F0xx_HAL_Driver/stm32f0xx_hal_dma.d" -MT"Drivers/STM32F0xx_HAL_Driver/stm32f0xx_hal_dma.o" -o "Drivers/STM32F0xx_HAL_Driver/stm32f0xx_hal_dma.o" "D:/Program Files/STMicroelectronics/STM32Cube_FW_F0_V1.6.0/Drivers/STM32F0xx_HAL_Driver/Src/stm32f0xx_hal_dma.c"
Finished building: D:/Program Files/STMicroelectronics/STM32Cube_FW_F0_V1.6.0/Drivers/STM32F0xx_HAL_Driver/Src/stm32f0xx_hal_dma.c
 
Building file: D:/Program Files/STMicroelectronics/STM32Cube_FW_F0_V1.6.0/Drivers/STM32F0xx_HAL_Driver/Src/stm32f0xx_hal_gpio.c
Invoking: MCU GCC Compiler
%cd%
arm-none-eabi-gcc -mcpu=cortex-m0 -mthumb -mfloat-abi=soft -DSTM32F072xB -DUSE_STM32072B_EVAL -DUSE_HAL_DRIVER -I"D:/Program Files/STMicroelectronics/STM32Cube_FW_F0_V1.6.0/Projects/STM32072B_EVAL/Applications/USB_Device/CDC_Standalone/Inc" -I"D:/Program Files/STMicroelectronics/STM32Cube_FW_F0_V1.6.0/Drivers/CMSIS/Device/ST/STM32F0xx/Include" -I"D:/Program Files/STMicroelectronics/STM32Cube_FW_F0_V1.6.0/Drivers/STM32F0xx_HAL_Driver/Inc" -I"D:/Program Files/STMicroelectronics/STM32Cube_FW_F0_V1.6.0/Drivers/BSP/STM32072B_EVAL" -I"D:/Program Files/STMicroelectronics/STM32Cube_FW_F0_V1.6.0/Drivers/BSP/Components/Common" -I"D:/Program Files/STMicroelectronics/STM32Cube_FW_F0_V1.6.0/Middlewares/ST/STM32_USB_Device_Library/Core/Inc" -I"D:/Program Files/STMicroelectronics/STM32Cube_FW_F0_V1.6.0/Middlewares/ST/STM32_USB_Device_Library/Class/CDC/Inc" -I"D:/Program Files/STMicroelectronics/STM32Cube_FW_F0_V1.6.0/Drivers/CMSIS/Include"  -Os -g3 -Wall -fmessage-length=0 -ffunction-sections -c -fmessage-length=0 -MMD -MP -MF"Drivers/STM32F0xx_HAL_Driver/stm32f0xx_hal_gpio.d" -MT"Drivers/STM32F0xx_HAL_Driver/stm32f0xx_hal_gpio.o" -o "Drivers/STM32F0xx_HAL_Driver/stm32f0xx_hal_gpio.o" "D:/Program Files/STMicroelectronics/STM32Cube_FW_F0_V1.6.0/Drivers/STM32F0xx_HAL_Driver/Src/stm32f0xx_hal_gpio.c"
Finished building: D:/Program Files/STMicroelectronics/STM32Cube_FW_F0_V1.6.0/Drivers/STM32F0xx_HAL_Driver/Src/stm32f0xx_hal_gpio.c
 
Building file: D:/Program Files/STMicroelectronics/STM32Cube_FW_F0_V1.6.0/Drivers/STM32F0xx_HAL_Driver/Src/stm32f0xx_hal_i2c.c
Invoking: MCU GCC Compiler
%cd%
arm-none-eabi-gcc -mcpu=cortex-m0 -mthumb -mfloat-abi=soft -DSTM32F072xB -DUSE_STM32072B_EVAL -DUSE_HAL_DRIVER -I"D:/Program Files/STMicroelectronics/STM32Cube_FW_F0_V1.6.0/Projects/STM32072B_EVAL/Applications/USB_Device/CDC_Standalone/Inc" -I"D:/Program Files/STMicroelectronics/STM32Cube_FW_F0_V1.6.0/Drivers/CMSIS/Device/ST/STM32F0xx/Include" -I"D:/Program Files/STMicroelectronics/STM32Cube_FW_F0_V1.6.0/Drivers/STM32F0xx_HAL_Driver/Inc" -I"D:/Program Files/STMicroelectronics/STM32Cube_FW_F0_V1.6.0/Drivers/BSP/STM32072B_EVAL" -I"D:/Program Files/STMicroelectronics/STM32Cube_FW_F0_V1.6.0/Drivers/BSP/Components/Common" -I"D:/Program Files/STMicroelectronics/STM32Cube_FW_F0_V1.6.0/Middlewares/ST/STM32_USB_Device_Library/Core/Inc" -I"D:/Program Files/STMicroelectronics/STM32Cube_FW_F0_V1.6.0/Middlewares/ST/STM32_USB_Device_Library/Class/CDC/Inc" -I"D:/Program Files/STMicroelectronics/STM32Cube_FW_F0_V1.6.0/Drivers/CMSIS/Include"  -Os -g3 -Wall -fmessage-length=0 -ffunction-sections -c -fmessage-length=0 -MMD -MP -MF"Drivers/STM32F0xx_HAL_Driver/stm32f0xx_hal_i2c.d" -MT"Drivers/STM32F0xx_HAL_Driver/stm32f0xx_hal_i2c.o" -o "Drivers/STM32F0xx_HAL_Driver/stm32f0xx_hal_i2c.o" "D:/Program Files/STMicroelectronics/STM32Cube_FW_F0_V1.6.0/Drivers/STM32F0xx_HAL_Driver/Src/stm32f0xx_hal_i2c.c"
Finished building: D:/Program Files/STMicroelectronics/STM32Cube_FW_F0_V1.6.0/Drivers/STM32F0xx_HAL_Driver/Src/stm32f0xx_hal_i2c.c
 
Building file: D:/Program Files/STMicroelectronics/STM32Cube_FW_F0_V1.6.0/Drivers/STM32F0xx_HAL_Driver/Src/stm32f0xx_hal_pcd.c
Invoking: MCU GCC Compiler
%cd%
arm-none-eabi-gcc -mcpu=cortex-m0 -mthumb -mfloat-abi=soft -DSTM32F072xB -DUSE_STM32072B_EVAL -DUSE_HAL_DRIVER -I"D:/Program Files/STMicroelectronics/STM32Cube_FW_F0_V1.6.0/Projects/STM32072B_EVAL/Applications/USB_Device/CDC_Standalone/Inc" -I"D:/Program Files/STMicroelectronics/STM32Cube_FW_F0_V1.6.0/Drivers/CMSIS/Device/ST/STM32F0xx/Include" -I"D:/Program Files/STMicroelectronics/STM32Cube_FW_F0_V1.6.0/Drivers/STM32F0xx_HAL_Driver/Inc" -I"D:/Program Files/STMicroelectronics/STM32Cube_FW_F0_V1.6.0/Drivers/BSP/STM32072B_EVAL" -I"D:/Program Files/STMicroelectronics/STM32Cube_FW_F0_V1.6.0/Drivers/BSP/Components/Common" -I"D:/Program Files/STMicroelectronics/STM32Cube_FW_F0_V1.6.0/Middlewares/ST/STM32_USB_Device_Library/Core/Inc" -I"D:/Program Files/STMicroelectronics/STM32Cube_FW_F0_V1.6.0/Middlewares/ST/STM32_USB_Device_Library/Class/CDC/Inc" -I"D:/Program Files/STMicroelectronics/STM32Cube_FW_F0_V1.6.0/Drivers/CMSIS/Include"  -Os -g3 -Wall -fmessage-length=0 -ffunction-sections -c -fmessage-length=0 -MMD -MP -MF"Drivers/STM32F0xx_HAL_Driver/stm32f0xx_hal_pcd.d" -MT"Drivers/STM32F0xx_HAL_Driver/stm32f0xx_hal_pcd.o" -o "Drivers/STM32F0xx_HAL_Driver/stm32f0xx_hal_pcd.o" "D:/Program Files/STMicroelectronics/STM32Cube_FW_F0_V1.6.0/Drivers/STM32F0xx_HAL_Driver/Src/stm32f0xx_hal_pcd.c"
Finished building: D:/Program Files/STMicroelectronics/STM32Cube_FW_F0_V1.6.0/Drivers/STM32F0xx_HAL_Driver/Src/stm32f0xx_hal_pcd.c
 
Building file: D:/Program Files/STMicroelectronics/STM32Cube_FW_F0_V1.6.0/Drivers/STM32F0xx_HAL_Driver/Src/stm32f0xx_hal_pcd_ex.c
Invoking: MCU GCC Compiler
%cd%
arm-none-eabi-gcc -mcpu=cortex-m0 -mthumb -mfloat-abi=soft -DSTM32F072xB -DUSE_STM32072B_EVAL -DUSE_HAL_DRIVER -I"D:/Program Files/STMicroelectronics/STM32Cube_FW_F0_V1.6.0/Projects/STM32072B_EVAL/Applications/USB_Device/CDC_Standalone/Inc" -I"D:/Program Files/STMicroelectronics/STM32Cube_FW_F0_V1.6.0/Drivers/CMSIS/Device/ST/STM32F0xx/Include" -I"D:/Program Files/STMicroelectronics/STM32Cube_FW_F0_V1.6.0/Drivers/STM32F0xx_HAL_Driver/Inc" -I"D:/Program Files/STMicroelectronics/STM32Cube_FW_F0_V1.6.0/Drivers/BSP/STM32072B_EVAL" -I"D:/Program Files/STMicroelectronics/STM32Cube_FW_F0_V1.6.0/Drivers/BSP/Components/Common" -I"D:/Program Files/STMicroelectronics/STM32Cube_FW_F0_V1.6.0/Middlewares/ST/STM32_USB_Device_Library/Core/Inc" -I"D:/Program Files/STMicroelectronics/STM32Cube_FW_F0_V1.6.0/Middlewares/ST/STM32_USB_Device_Library/Class/CDC/Inc" -I"D:/Program Files/STMicroelectronics/STM32Cube_FW_F0_V1.6.0/Drivers/CMSIS/Include"  -Os -g3 -Wall -fmessage-length=0 -ffunction-sections -c -fmessage-length=0 -MMD -MP -MF"Drivers/STM32F0xx_HAL_Driver/stm32f0xx_hal_pcd_ex.d" -MT"Drivers/STM32F0xx_HAL_Driver/stm32f0xx_hal_pcd_ex.o" -o "Drivers/STM32F0xx_HAL_Driver/stm32f0xx_hal_pcd_ex.o" "D:/Program Files/STMicroelectronics/STM32Cube_FW_F0_V1.6.0/Drivers/STM32F0xx_HAL_Driver/Src/stm32f0xx_hal_pcd_ex.c"
Finished building: D:/Program Files/STMicroelectronics/STM32Cube_FW_F0_V1.6.0/Drivers/STM32F0xx_HAL_Driver/Src/stm32f0xx_hal_pcd_ex.c
 
Building file: D:/Program Files/STMicroelectronics/STM32Cube_FW_F0_V1.6.0/Drivers/STM32F0xx_HAL_Driver/Src/stm32f0xx_hal_pwr.c
Invoking: MCU GCC Compiler
%cd%
arm-none-eabi-gcc -mcpu=cortex-m0 -mthumb -mfloat-abi=soft -DSTM32F072xB -DUSE_STM32072B_EVAL -DUSE_HAL_DRIVER -I"D:/Program Files/STMicroelectronics/STM32Cube_FW_F0_V1.6.0/Projects/STM32072B_EVAL/Applications/USB_Device/CDC_Standalone/Inc" -I"D:/Program Files/STMicroelectronics/STM32Cube_FW_F0_V1.6.0/Drivers/CMSIS/Device/ST/STM32F0xx/Include" -I"D:/Program Files/STMicroelectronics/STM32Cube_FW_F0_V1.6.0/Drivers/STM32F0xx_HAL_Driver/Inc" -I"D:/Program Files/STMicroelectronics/STM32Cube_FW_F0_V1.6.0/Drivers/BSP/STM32072B_EVAL" -I"D:/Program Files/STMicroelectronics/STM32Cube_FW_F0_V1.6.0/Drivers/BSP/Components/Common" -I"D:/Program Files/STMicroelectronics/STM32Cube_FW_F0_V1.6.0/Middlewares/ST/STM32_USB_Device_Library/Core/Inc" -I"D:/Program Files/STMicroelectronics/STM32Cube_FW_F0_V1.6.0/Middlewares/ST/STM32_USB_Device_Library/Class/CDC/Inc" -I"D:/Program Files/STMicroelectronics/STM32Cube_FW_F0_V1.6.0/Drivers/CMSIS/Include"  -Os -g3 -Wall -fmessage-length=0 -ffunction-sections -c -fmessage-length=0 -MMD -MP -MF"Drivers/STM32F0xx_HAL_Driver/stm32f0xx_hal_pwr.d" -MT"Drivers/STM32F0xx_HAL_Driver/stm32f0xx_hal_pwr.o" -o "Drivers/STM32F0xx_HAL_Driver/stm32f0xx_hal_pwr.o" "D:/Program Files/STMicroelectronics/STM32Cube_FW_F0_V1.6.0/Drivers/STM32F0xx_HAL_Driver/Src/stm32f0xx_hal_pwr.c"
Finished building: D:/Program Files/STMicroelectronics/STM32Cube_FW_F0_V1.6.0/Drivers/STM32F0xx_HAL_Driver/Src/stm32f0xx_hal_pwr.c
 
Building file: D:/Program Files/STMicroelectronics/STM32Cube_FW_F0_V1.6.0/Drivers/STM32F0xx_HAL_Driver/Src/stm32f0xx_hal_rcc.c
Invoking: MCU GCC Compiler
%cd%
arm-none-eabi-gcc -mcpu=cortex-m0 -mthumb -mfloat-abi=soft -DSTM32F072xB -DUSE_STM32072B_EVAL -DUSE_HAL_DRIVER -I"D:/Program Files/STMicroelectronics/STM32Cube_FW_F0_V1.6.0/Projects/STM32072B_EVAL/Applications/USB_Device/CDC_Standalone/Inc" -I"D:/Program Files/STMicroelectronics/STM32Cube_FW_F0_V1.6.0/Drivers/CMSIS/Device/ST/STM32F0xx/Include" -I"D:/Program Files/STMicroelectronics/STM32Cube_FW_F0_V1.6.0/Drivers/STM32F0xx_HAL_Driver/Inc" -I"D:/Program Files/STMicroelectronics/STM32Cube_FW_F0_V1.6.0/Drivers/BSP/STM32072B_EVAL" -I"D:/Program Files/STMicroelectronics/STM32Cube_FW_F0_V1.6.0/Drivers/BSP/Components/Common" -I"D:/Program Files/STMicroelectronics/STM32Cube_FW_F0_V1.6.0/Middlewares/ST/STM32_USB_Device_Library/Core/Inc" -I"D:/Program Files/STMicroelectronics/STM32Cube_FW_F0_V1.6.0/Middlewares/ST/STM32_USB_Device_Library/Class/CDC/Inc" -I"D:/Program Files/STMicroelectronics/STM32Cube_FW_F0_V1.6.0/Drivers/CMSIS/Include"  -Os -g3 -Wall -fmessage-length=0 -ffunction-sections -c -fmessage-length=0 -MMD -MP -MF"Drivers/STM32F0xx_HAL_Driver/stm32f0xx_hal_rcc.d" -MT"Drivers/STM32F0xx_HAL_Driver/stm32f0xx_hal_rcc.o" -o "Drivers/STM32F0xx_HAL_Driver/stm32f0xx_hal_rcc.o" "D:/Program Files/STMicroelectronics/STM32Cube_FW_F0_V1.6.0/Drivers/STM32F0xx_HAL_Driver/Src/stm32f0xx_hal_rcc.c"
Finished building: D:/Program Files/STMicroelectronics/STM32Cube_FW_F0_V1.6.0/Drivers/STM32F0xx_HAL_Driver/Src/stm32f0xx_hal_rcc.c
 
Building file: D:/Program Files/STMicroelectronics/STM32Cube_FW_F0_V1.6.0/Drivers/STM32F0xx_HAL_Driver/Src/stm32f0xx_hal_rcc_ex.c
Invoking: MCU GCC Compiler
%cd%
arm-none-eabi-gcc -mcpu=cortex-m0 -mthumb -mfloat-abi=soft -DSTM32F072xB -DUSE_STM32072B_EVAL -DUSE_HAL_DRIVER -I"D:/Program Files/STMicroelectronics/STM32Cube_FW_F0_V1.6.0/Projects/STM32072B_EVAL/Applications/USB_Device/CDC_Standalone/Inc" -I"D:/Program Files/STMicroelectronics/STM32Cube_FW_F0_V1.6.0/Drivers/CMSIS/Device/ST/STM32F0xx/Include" -I"D:/Program Files/STMicroelectronics/STM32Cube_FW_F0_V1.6.0/Drivers/STM32F0xx_HAL_Driver/Inc" -I"D:/Program Files/STMicroelectronics/STM32Cube_FW_F0_V1.6.0/Drivers/BSP/STM32072B_EVAL" -I"D:/Program Files/STMicroelectronics/STM32Cube_FW_F0_V1.6.0/Drivers/BSP/Components/Common" -I"D:/Program Files/STMicroelectronics/STM32Cube_FW_F0_V1.6.0/Middlewares/ST/STM32_USB_Device_Library/Core/Inc" -I"D:/Program Files/STMicroelectronics/STM32Cube_FW_F0_V1.6.0/Middlewares/ST/STM32_USB_Device_Library/Class/CDC/Inc" -I"D:/Program Files/STMicroelectronics/STM32Cube_FW_F0_V1.6.0/Drivers/CMSIS/Include"  -Os -g3 -Wall -fmessage-length=0 -ffunction-sections -c -fmessage-length=0 -MMD -MP -MF"Drivers/STM32F0xx_HAL_Driver/stm32f0xx_hal_rcc_ex.d" -MT"Drivers/STM32F0xx_HAL_Driver/stm32f0xx_hal_rcc_ex.o" -o "Drivers/STM32F0xx_HAL_Driver/stm32f0xx_hal_rcc_ex.o" "D:/Program Files/STMicroelectronics/STM32Cube_FW_F0_V1.6.0/Drivers/STM32F0xx_HAL_Driver/Src/stm32f0xx_hal_rcc_ex.c"
Finished building: D:/Program Files/STMicroelectronics/STM32Cube_FW_F0_V1.6.0/Drivers/STM32F0xx_HAL_Driver/Src/stm32f0xx_hal_rcc_ex.c
 
Building file: D:/Program Files/STMicroelectronics/STM32Cube_FW_F0_V1.6.0/Drivers/STM32F0xx_HAL_Driver/Src/stm32f0xx_hal_spi.c
Invoking: MCU GCC Compiler
%cd%
arm-none-eabi-gcc -mcpu=cortex-m0 -mthumb -mfloat-abi=soft -DSTM32F072xB -DUSE_STM32072B_EVAL -DUSE_HAL_DRIVER -I"D:/Program Files/STMicroelectronics/STM32Cube_FW_F0_V1.6.0/Projects/STM32072B_EVAL/Applications/USB_Device/CDC_Standalone/Inc" -I"D:/Program Files/STMicroelectronics/STM32Cube_FW_F0_V1.6.0/Drivers/CMSIS/Device/ST/STM32F0xx/Include" -I"D:/Program Files/STMicroelectronics/STM32Cube_FW_F0_V1.6.0/Drivers/STM32F0xx_HAL_Driver/Inc" -I"D:/Program Files/STMicroelectronics/STM32Cube_FW_F0_V1.6.0/Drivers/BSP/STM32072B_EVAL" -I"D:/Program Files/STMicroelectronics/STM32Cube_FW_F0_V1.6.0/Drivers/BSP/Components/Common" -I"D:/Program Files/STMicroelectronics/STM32Cube_FW_F0_V1.6.0/Middlewares/ST/STM32_USB_Device_Library/Core/Inc" -I"D:/Program Files/STMicroelectronics/STM32Cube_FW_F0_V1.6.0/Middlewares/ST/STM32_USB_Device_Library/Class/CDC/Inc" -I"D:/Program Files/STMicroelectronics/STM32Cube_FW_F0_V1.6.0/Drivers/CMSIS/Include"  -Os -g3 -Wall -fmessage-length=0 -ffunction-sections -c -fmessage-length=0 -MMD -MP -MF"Drivers/STM32F0xx_HAL_Driver/stm32f0xx_hal_spi.d" -MT"Drivers/STM32F0xx_HAL_Driver/stm32f0xx_hal_spi.o" -o "Drivers/STM32F0xx_HAL_Driver/stm32f0xx_hal_spi.o" "D:/Program Files/STMicroelectronics/STM32Cube_FW_F0_V1.6.0/Drivers/STM32F0xx_HAL_Driver/Src/stm32f0xx_hal_spi.c"
Finished building: D:/Program Files/STMicroelectronics/STM32Cube_FW_F0_V1.6.0/Drivers/STM32F0xx_HAL_Driver/Src/stm32f0xx_hal_spi.c
 
Building file: D:/Program Files/STMicroelectronics/STM32Cube_FW_F0_V1.6.0/Drivers/STM32F0xx_HAL_Driver/Src/stm32f0xx_hal_spi_ex.c
Invoking: MCU GCC Compiler
%cd%
arm-none-eabi-gcc -mcpu=cortex-m0 -mthumb -mfloat-abi=soft -DSTM32F072xB -DUSE_STM32072B_EVAL -DUSE_HAL_DRIVER -I"D:/Program Files/STMicroelectronics/STM32Cube_FW_F0_V1.6.0/Projects/STM32072B_EVAL/Applications/USB_Device/CDC_Standalone/Inc" -I"D:/Program Files/STMicroelectronics/STM32Cube_FW_F0_V1.6.0/Drivers/CMSIS/Device/ST/STM32F0xx/Include" -I"D:/Program Files/STMicroelectronics/STM32Cube_FW_F0_V1.6.0/Drivers/STM32F0xx_HAL_Driver/Inc" -I"D:/Program Files/STMicroelectronics/STM32Cube_FW_F0_V1.6.0/Drivers/BSP/STM32072B_EVAL" -I"D:/Program Files/STMicroelectronics/STM32Cube_FW_F0_V1.6.0/Drivers/BSP/Components/Common" -I"D:/Program Files/STMicroelectronics/STM32Cube_FW_F0_V1.6.0/Middlewares/ST/STM32_USB_Device_Library/Core/Inc" -I"D:/Program Files/STMicroelectronics/STM32Cube_FW_F0_V1.6.0/Middlewares/ST/STM32_USB_Device_Library/Class/CDC/Inc" -I"D:/Program Files/STMicroelectronics/STM32Cube_FW_F0_V1.6.0/Drivers/CMSIS/Include"  -Os -g3 -Wall -fmessage-length=0 -ffunction-sections -c -fmessage-length=0 -MMD -MP -MF"Drivers/STM32F0xx_HAL_Driver/stm32f0xx_hal_spi_ex.d" -MT"Drivers/STM32F0xx_HAL_Driver/stm32f0xx_hal_spi_ex.o" -o "Drivers/STM32F0xx_HAL_Driver/stm32f0xx_hal_spi_ex.o" "D:/Program Files/STMicroelectronics/STM32Cube_FW_F0_V1.6.0/Drivers/STM32F0xx_HAL_Driver/Src/stm32f0xx_hal_spi_ex.c"
Finished building: D:/Program Files/STMicroelectronics/STM32Cube_FW_F0_V1.6.0/Drivers/STM32F0xx_HAL_Driver/Src/stm32f0xx_hal_spi_ex.c
 
Building file: D:/Program Files/STMicroelectronics/STM32Cube_FW_F0_V1.6.0/Drivers/STM32F0xx_HAL_Driver/Src/stm32f0xx_hal_tim.c
Invoking: MCU GCC Compiler
%cd%
arm-none-eabi-gcc -mcpu=cortex-m0 -mthumb -mfloat-abi=soft -DSTM32F072xB -DUSE_STM32072B_EVAL -DUSE_HAL_DRIVER -I"D:/Program Files/STMicroelectronics/STM32Cube_FW_F0_V1.6.0/Projects/STM32072B_EVAL/Applications/USB_Device/CDC_Standalone/Inc" -I"D:/Program Files/STMicroelectronics/STM32Cube_FW_F0_V1.6.0/Drivers/CMSIS/Device/ST/STM32F0xx/Include" -I"D:/Program Files/STMicroelectronics/STM32Cube_FW_F0_V1.6.0/Drivers/STM32F0xx_HAL_Driver/Inc" -I"D:/Program Files/STMicroelectronics/STM32Cube_FW_F0_V1.6.0/Drivers/BSP/STM32072B_EVAL" -I"D:/Program Files/STMicroelectronics/STM32Cube_FW_F0_V1.6.0/Drivers/BSP/Components/Common" -I"D:/Program Files/STMicroelectronics/STM32Cube_FW_F0_V1.6.0/Middlewares/ST/STM32_USB_Device_Library/Core/Inc" -I"D:/Program Files/STMicroelectronics/STM32Cube_FW_F0_V1.6.0/Middlewares/ST/STM32_USB_Device_Library/Class/CDC/Inc" -I"D:/Program Files/STMicroelectronics/STM32Cube_FW_F0_V1.6.0/Drivers/CMSIS/Include"  -Os -g3 -Wall -fmessage-length=0 -ffunction-sections -c -fmessage-length=0 -MMD -MP -MF"Drivers/STM32F0xx_HAL_Driver/stm32f0xx_hal_tim.d" -MT"Drivers/STM32F0xx_HAL_Driver/stm32f0xx_hal_tim.o" -o "Drivers/STM32F0xx_HAL_Driver/stm32f0xx_hal_tim.o" "D:/Program Files/STMicroelectronics/STM32Cube_FW_F0_V1.6.0/Drivers/STM32F0xx_HAL_Driver/Src/stm32f0xx_hal_tim.c"
Finished building: D:/Program Files/STMicroelectronics/STM32Cube_FW_F0_V1.6.0/Drivers/STM32F0xx_HAL_Driver/Src/stm32f0xx_hal_tim.c
 
Building file: D:/Program Files/STMicroelectronics/STM32Cube_FW_F0_V1.6.0/Drivers/STM32F0xx_HAL_Driver/Src/stm32f0xx_hal_tim_ex.c
Invoking: MCU GCC Compiler
%cd%
arm-none-eabi-gcc -mcpu=cortex-m0 -mthumb -mfloat-abi=soft -DSTM32F072xB -DUSE_STM32072B_EVAL -DUSE_HAL_DRIVER -I"D:/Program Files/STMicroelectronics/STM32Cube_FW_F0_V1.6.0/Projects/STM32072B_EVAL/Applications/USB_Device/CDC_Standalone/Inc" -I"D:/Program Files/STMicroelectronics/STM32Cube_FW_F0_V1.6.0/Drivers/CMSIS/Device/ST/STM32F0xx/Include" -I"D:/Program Files/STMicroelectronics/STM32Cube_FW_F0_V1.6.0/Drivers/STM32F0xx_HAL_Driver/Inc" -I"D:/Program Files/STMicroelectronics/STM32Cube_FW_F0_V1.6.0/Drivers/BSP/STM32072B_EVAL" -I"D:/Program Files/STMicroelectronics/STM32Cube_FW_F0_V1.6.0/Drivers/BSP/Components/Common" -I"D:/Program Files/STMicroelectronics/STM32Cube_FW_F0_V1.6.0/Middlewares/ST/STM32_USB_Device_Library/Core/Inc" -I"D:/Program Files/STMicroelectronics/STM32Cube_FW_F0_V1.6.0/Middlewares/ST/STM32_USB_Device_Library/Class/CDC/Inc" -I"D:/Program Files/STMicroelectronics/STM32Cube_FW_F0_V1.6.0/Drivers/CMSIS/Include"  -Os -g3 -Wall -fmessage-length=0 -ffunction-sections -c -fmessage-length=0 -MMD -MP -MF"Drivers/STM32F0xx_HAL_Driver/stm32f0xx_hal_tim_ex.d" -MT"Drivers/STM32F0xx_HAL_Driver/stm32f0xx_hal_tim_ex.o" -o "Drivers/STM32F0xx_HAL_Driver/stm32f0xx_hal_tim_ex.o" "D:/Program Files/STMicroelectronics/STM32Cube_FW_F0_V1.6.0/Drivers/STM32F0xx_HAL_Driver/Src/stm32f0xx_hal_tim_ex.c"
Finished building: D:/Program Files/STMicroelectronics/STM32Cube_FW_F0_V1.6.0/Drivers/STM32F0xx_HAL_Driver/Src/stm32f0xx_hal_tim_ex.c
 
Building file: D:/Program Files/STMicroelectronics/STM32Cube_FW_F0_V1.6.0/Drivers/STM32F0xx_HAL_Driver/Src/stm32f0xx_hal_uart.c
Invoking: MCU GCC Compiler
%cd%
arm-none-eabi-gcc -mcpu=cortex-m0 -mthumb -mfloat-abi=soft -DSTM32F072xB -DUSE_STM32072B_EVAL -DUSE_HAL_DRIVER -I"D:/Program Files/STMicroelectronics/STM32Cube_FW_F0_V1.6.0/Projects/STM32072B_EVAL/Applications/USB_Device/CDC_Standalone/Inc" -I"D:/Program Files/STMicroelectronics/STM32Cube_FW_F0_V1.6.0/Drivers/CMSIS/Device/ST/STM32F0xx/Include" -I"D:/Program Files/STMicroelectronics/STM32Cube_FW_F0_V1.6.0/Drivers/STM32F0xx_HAL_Driver/Inc" -I"D:/Program Files/STMicroelectronics/STM32Cube_FW_F0_V1.6.0/Drivers/BSP/STM32072B_EVAL" -I"D:/Program Files/STMicroelectronics/STM32Cube_FW_F0_V1.6.0/Drivers/BSP/Components/Common" -I"D:/Program Files/STMicroelectronics/STM32Cube_FW_F0_V1.6.0/Middlewares/ST/STM32_USB_Device_Library/Core/Inc" -I"D:/Program Files/STMicroelectronics/STM32Cube_FW_F0_V1.6.0/Middlewares/ST/STM32_USB_Device_Library/Class/CDC/Inc" -I"D:/Program Files/STMicroelectronics/STM32Cube_FW_F0_V1.6.0/Drivers/CMSIS/Include"  -Os -g3 -Wall -fmessage-length=0 -ffunction-sections -c -fmessage-length=0 -MMD -MP -MF"Drivers/STM32F0xx_HAL_Driver/stm32f0xx_hal_uart.d" -MT"Drivers/STM32F0xx_HAL_Driver/stm32f0xx_hal_uart.o" -o "Drivers/STM32F0xx_HAL_Driver/stm32f0xx_hal_uart.o" "D:/Program Files/STMicroelectronics/STM32Cube_FW_F0_V1.6.0/Drivers/STM32F0xx_HAL_Driver/Src/stm32f0xx_hal_uart.c"
Finished building: D:/Program Files/STMicroelectronics/STM32Cube_FW_F0_V1.6.0/Drivers/STM32F0xx_HAL_Driver/Src/stm32f0xx_hal_uart.c
 
Building file: D:/Program Files/STMicroelectronics/STM32Cube_FW_F0_V1.6.0/Drivers/STM32F0xx_HAL_Driver/Src/stm32f0xx_hal_uart_ex.c
Invoking: MCU GCC Compiler
%cd%
arm-none-eabi-gcc -mcpu=cortex-m0 -mthumb -mfloat-abi=soft -DSTM32F072xB -DUSE_STM32072B_EVAL -DUSE_HAL_DRIVER -I"D:/Program Files/STMicroelectronics/STM32Cube_FW_F0_V1.6.0/Projects/STM32072B_EVAL/Applications/USB_Device/CDC_Standalone/Inc" -I"D:/Program Files/STMicroelectronics/STM32Cube_FW_F0_V1.6.0/Drivers/CMSIS/Device/ST/STM32F0xx/Include" -I"D:/Program Files/STMicroelectronics/STM32Cube_FW_F0_V1.6.0/Drivers/STM32F0xx_HAL_Driver/Inc" -I"D:/Program Files/STMicroelectronics/STM32Cube_FW_F0_V1.6.0/Drivers/BSP/STM32072B_EVAL" -I"D:/Program Files/STMicroelectronics/STM32Cube_FW_F0_V1.6.0/Drivers/BSP/Components/Common" -I"D:/Program Files/STMicroelectronics/STM32Cube_FW_F0_V1.6.0/Middlewares/ST/STM32_USB_Device_Library/Core/Inc" -I"D:/Program Files/STMicroelectronics/STM32Cube_FW_F0_V1.6.0/Middlewares/ST/STM32_USB_Device_Library/Class/CDC/Inc" -I"D:/Program Files/STMicroelectronics/STM32Cube_FW_F0_V1.6.0/Drivers/CMSIS/Include"  -Os -g3 -Wall -fmessage-length=0 -ffunction-sections -c -fmessage-length=0 -MMD -MP -MF"Drivers/STM32F0xx_HAL_Driver/stm32f0xx_hal_uart_ex.d" -MT"Drivers/STM32F0xx_HAL_Driver/stm32f0xx_hal_uart_ex.o" -o "Drivers/STM32F0xx_HAL_Driver/stm32f0xx_hal_uart_ex.o" "D:/Program Files/STMicroelectronics/STM32Cube_FW_F0_V1.6.0/Drivers/STM32F0xx_HAL_Driver/Src/stm32f0xx_hal_uart_ex.c"
Finished building: D:/Program Files/STMicroelectronics/STM32Cube_FW_F0_V1.6.0/Drivers/STM32F0xx_HAL_Driver/Src/stm32f0xx_hal_uart_ex.c
 
Building file: D:/Program Files/STMicroelectronics/STM32Cube_FW_F0_V1.6.0/Projects/STM32072B_EVAL/Applications/USB_Device/CDC_Standalone/Src/system_stm32f0xx.c
Invoking: MCU GCC Compiler
%cd%
arm-none-eabi-gcc -mcpu=cortex-m0 -mthumb -mfloat-abi=soft -DSTM32F072xB -DUSE_STM32072B_EVAL -DUSE_HAL_DRIVER -I"D:/Program Files/STMicroelectronics/STM32Cube_FW_F0_V1.6.0/Projects/STM32072B_EVAL/Applications/USB_Device/CDC_Standalone/Inc" -I"D:/Program Files/STMicroelectronics/STM32Cube_FW_F0_V1.6.0/Drivers/CMSIS/Device/ST/STM32F0xx/Include" -I"D:/Program Files/STMicroelectronics/STM32Cube_FW_F0_V1.6.0/Drivers/STM32F0xx_HAL_Driver/Inc" -I"D:/Program Files/STMicroelectronics/STM32Cube_FW_F0_V1.6.0/Drivers/BSP/STM32072B_EVAL" -I"D:/Program Files/STMicroelectronics/STM32Cube_FW_F0_V1.6.0/Drivers/BSP/Components/Common" -I"D:/Program Files/STMicroelectronics/STM32Cube_FW_F0_V1.6.0/Middlewares/ST/STM32_USB_Device_Library/Core/Inc" -I"D:/Program Files/STMicroelectronics/STM32Cube_FW_F0_V1.6.0/Middlewares/ST/STM32_USB_Device_Library/Class/CDC/Inc" -I"D:/Program Files/STMicroelectronics/STM32Cube_FW_F0_V1.6.0/Drivers/CMSIS/Include"  -Os -g3 -Wall -fmessage-length=0 -ffunction-sections -c -fmessage-length=0 -MMD -MP -MF"Drivers/CMSIS/system_stm32f0xx.d" -MT"Drivers/CMSIS/system_stm32f0xx.o" -o "Drivers/CMSIS/system_stm32f0xx.o" "D:/Program Files/STMicroelectronics/STM32Cube_FW_F0_V1.6.0/Projects/STM32072B_EVAL/Applications/USB_Device/CDC_Standalone/Src/system_stm32f0xx.c"
Finished building: D:/Program Files/STMicroelectronics/STM32Cube_FW_F0_V1.6.0/Projects/STM32072B_EVAL/Applications/USB_Device/CDC_Standalone/Src/system_stm32f0xx.c
 
Building file: D:/Program Files/STMicroelectronics/STM32Cube_FW_F0_V1.6.0/Drivers/BSP/STM32072B_EVAL/stm32072b_eval.c
Invoking: MCU GCC Compiler
%cd%
arm-none-eabi-gcc -mcpu=cortex-m0 -mthumb -mfloat-abi=soft -DSTM32F072xB -DUSE_STM32072B_EVAL -DUSE_HAL_DRIVER -I"D:/Program Files/STMicroelectronics/STM32Cube_FW_F0_V1.6.0/Projects/STM32072B_EVAL/Applications/USB_Device/CDC_Standalone/Inc" -I"D:/Program Files/STMicroelectronics/STM32Cube_FW_F0_V1.6.0/Drivers/CMSIS/Device/ST/STM32F0xx/Include" -I"D:/Program Files/STMicroelectronics/STM32Cube_FW_F0_V1.6.0/Drivers/STM32F0xx_HAL_Driver/Inc" -I"D:/Program Files/STMicroelectronics/STM32Cube_FW_F0_V1.6.0/Drivers/BSP/STM32072B_EVAL" -I"D:/Program Files/STMicroelectronics/STM32Cube_FW_F0_V1.6.0/Drivers/BSP/Components/Common" -I"D:/Program Files/STMicroelectronics/STM32Cube_FW_F0_V1.6.0/Middlewares/ST/STM32_USB_Device_Library/Core/Inc" -I"D:/Program Files/STMicroelectronics/STM32Cube_FW_F0_V1.6.0/Middlewares/ST/STM32_USB_Device_Library/Class/CDC/Inc" -I"D:/Program Files/STMicroelectronics/STM32Cube_FW_F0_V1.6.0/Drivers/CMSIS/Include"  -Os -g3 -Wall -fmessage-length=0 -ffunction-sections -c -fmessage-length=0 -MMD -MP -MF"Drivers/BSP/STM32072B_EVAL/stm32072b_eval.d" -MT"Drivers/BSP/STM32072B_EVAL/stm32072b_eval.o" -o "Drivers/BSP/STM32072B_EVAL/stm32072b_eval.o" "D:/Program Files/STMicroelectronics/STM32Cube_FW_F0_V1.6.0/Drivers/BSP/STM32072B_EVAL/stm32072b_eval.c"
Finished building: D:/Program Files/STMicroelectronics/STM32Cube_FW_F0_V1.6.0/Drivers/BSP/STM32072B_EVAL/stm32072b_eval.c
 
Building file: D:/Program Files/STMicroelectronics/STM32Cube_FW_F0_V1.6.0/Projects/STM32072B_EVAL/Applications/USB_Device/CDC_Standalone/Src/main.c
Invoking: MCU GCC Compiler
%cd%
arm-none-eabi-gcc -mcpu=cortex-m0 -mthumb -mfloat-abi=soft -DSTM32F072xB -DUSE_STM32072B_EVAL -DUSE_HAL_DRIVER -I"D:/Program Files/STMicroelectronics/STM32Cube_FW_F0_V1.6.0/Projects/STM32072B_EVAL/Applications/USB_Device/CDC_Standalone/Inc" -I"D:/Program Files/STMicroelectronics/STM32Cube_FW_F0_V1.6.0/Drivers/CMSIS/Device/ST/STM32F0xx/Include" -I"D:/Program Files/STMicroelectronics/STM32Cube_FW_F0_V1.6.0/Drivers/STM32F0xx_HAL_Driver/Inc" -I"D:/Program Files/STMicroelectronics/STM32Cube_FW_F0_V1.6.0/Drivers/BSP/STM32072B_EVAL" -I"D:/Program Files/STMicroelectronics/STM32Cube_FW_F0_V1.6.0/Drivers/BSP/Components/Common" -I"D:/Program Files/STMicroelectronics/STM32Cube_FW_F0_V1.6.0/Middlewares/ST/STM32_USB_Device_Library/Core/Inc" -I"D:/Program Files/STMicroelectronics/STM32Cube_FW_F0_V1.6.0/Middlewares/ST/STM32_USB_Device_Library/Class/CDC/Inc" -I"D:/Program Files/STMicroelectronics/STM32Cube_FW_F0_V1.6.0/Drivers/CMSIS/Include"  -Os -g3 -Wall -fmessage-length=0 -ffunction-sections -c -fmessage-length=0 -MMD -MP -MF"Application/User/main.d" -MT"Application/User/main.o" -o "Application/User/main.o" "D:/Program Files/STMicroelectronics/STM32Cube_FW_F0_V1.6.0/Projects/STM32072B_EVAL/Applications/USB_Device/CDC_Standalone/Src/main.c"
Finished building: D:/Program Files/STMicroelectronics/STM32Cube_FW_F0_V1.6.0/Projects/STM32072B_EVAL/Applications/USB_Device/CDC_Standalone/Src/main.c
 
Building file: D:/Program Files/STMicroelectronics/STM32Cube_FW_F0_V1.6.0/Projects/STM32072B_EVAL/Applications/USB_Device/CDC_Standalone/Src/stm32f0xx_hal_msp.c
Invoking: MCU GCC Compiler
%cd%
arm-none-eabi-gcc -mcpu=cortex-m0 -mthumb -mfloat-abi=soft -DSTM32F072xB -DUSE_STM32072B_EVAL -DUSE_HAL_DRIVER -I"D:/Program Files/STMicroelectronics/STM32Cube_FW_F0_V1.6.0/Projects/STM32072B_EVAL/Applications/USB_Device/CDC_Standalone/Inc" -I"D:/Program Files/STMicroelectronics/STM32Cube_FW_F0_V1.6.0/Drivers/CMSIS/Device/ST/STM32F0xx/Include" -I"D:/Program Files/STMicroelectronics/STM32Cube_FW_F0_V1.6.0/Drivers/STM32F0xx_HAL_Driver/Inc" -I"D:/Program Files/STMicroelectronics/STM32Cube_FW_F0_V1.6.0/Drivers/BSP/STM32072B_EVAL" -I"D:/Program Files/STMicroelectronics/STM32Cube_FW_F0_V1.6.0/Drivers/BSP/Components/Common" -I"D:/Program Files/STMicroelectronics/STM32Cube_FW_F0_V1.6.0/Middlewares/ST/STM32_USB_Device_Library/Core/Inc" -I"D:/Program Files/STMicroelectronics/STM32Cube_FW_F0_V1.6.0/Middlewares/ST/STM32_USB_Device_Library/Class/CDC/Inc" -I"D:/Program Files/STMicroelectronics/STM32Cube_FW_F0_V1.6.0/Drivers/CMSIS/Include"  -Os -g3 -Wall -fmessage-length=0 -ffunction-sections -c -fmessage-length=0 -MMD -MP -MF"Application/User/stm32f0xx_hal_msp.d" -MT"Application/User/stm32f0xx_hal_msp.o" -o "Application/User/stm32f0xx_hal_msp.o" "D:/Program Files/STMicroelectronics/STM32Cube_FW_F0_V1.6.0/Projects/STM32072B_EVAL/Applications/USB_Device/CDC_Standalone/Src/stm32f0xx_hal_msp.c"
Finished building: D:/Program Files/STMicroelectronics/STM32Cube_FW_F0_V1.6.0/Projects/STM32072B_EVAL/Applications/USB_Device/CDC_Standalone/Src/stm32f0xx_hal_msp.c
 
Building file: D:/Program Files/STMicroelectronics/STM32Cube_FW_F0_V1.6.0/Projects/STM32072B_EVAL/Applications/USB_Device/CDC_Standalone/Src/stm32f0xx_it.c
Invoking: MCU GCC Compiler
%cd%
arm-none-eabi-gcc -mcpu=cortex-m0 -mthumb -mfloat-abi=soft -DSTM32F072xB -DUSE_STM32072B_EVAL -DUSE_HAL_DRIVER -I"D:/Program Files/STMicroelectronics/STM32Cube_FW_F0_V1.6.0/Projects/STM32072B_EVAL/Applications/USB_Device/CDC_Standalone/Inc" -I"D:/Program Files/STMicroelectronics/STM32Cube_FW_F0_V1.6.0/Drivers/CMSIS/Device/ST/STM32F0xx/Include" -I"D:/Program Files/STMicroelectronics/STM32Cube_FW_F0_V1.6.0/Drivers/STM32F0xx_HAL_Driver/Inc" -I"D:/Program Files/STMicroelectronics/STM32Cube_FW_F0_V1.6.0/Drivers/BSP/STM32072B_EVAL" -I"D:/Program Files/STMicroelectronics/STM32Cube_FW_F0_V1.6.0/Drivers/BSP/Components/Common" -I"D:/Program Files/STMicroelectronics/STM32Cube_FW_F0_V1.6.0/Middlewares/ST/STM32_USB_Device_Library/Core/Inc" -I"D:/Program Files/STMicroelectronics/STM32Cube_FW_F0_V1.6.0/Middlewares/ST/STM32_USB_Device_Library/Class/CDC/Inc" -I"D:/Program Files/STMicroelectronics/STM32Cube_FW_F0_V1.6.0/Drivers/CMSIS/Include"  -Os -g3 -Wall -fmessage-length=0 -ffunction-sections -c -fmessage-length=0 -MMD -MP -MF"Application/User/stm32f0xx_it.d" -MT"Application/User/stm32f0xx_it.o" -o "Application/User/stm32f0xx_it.o" "D:/Program Files/STMicroelectronics/STM32Cube_FW_F0_V1.6.0/Projects/STM32072B_EVAL/Applications/USB_Device/CDC_Standalone/Src/stm32f0xx_it.c"
Finished building: D:/Program Files/STMicroelectronics/STM32Cube_FW_F0_V1.6.0/Projects/STM32072B_EVAL/Applications/USB_Device/CDC_Standalone/Src/stm32f0xx_it.c
 
Building file: D:/Program Files/STMicroelectronics/STM32Cube_FW_F0_V1.6.0/Projects/STM32072B_EVAL/Applications/USB_Device/CDC_Standalone/Src/usbd_cdc_interface.c
Invoking: MCU GCC Compiler
%cd%
arm-none-eabi-gcc -mcpu=cortex-m0 -mthumb -mfloat-abi=soft -DSTM32F072xB -DUSE_STM32072B_EVAL -DUSE_HAL_DRIVER -I"D:/Program Files/STMicroelectronics/STM32Cube_FW_F0_V1.6.0/Projects/STM32072B_EVAL/Applications/USB_Device/CDC_Standalone/Inc" -I"D:/Program Files/STMicroelectronics/STM32Cube_FW_F0_V1.6.0/Drivers/CMSIS/Device/ST/STM32F0xx/Include" -I"D:/Program Files/STMicroelectronics/STM32Cube_FW_F0_V1.6.0/Drivers/STM32F0xx_HAL_Driver/Inc" -I"D:/Program Files/STMicroelectronics/STM32Cube_FW_F0_V1.6.0/Drivers/BSP/STM32072B_EVAL" -I"D:/Program Files/STMicroelectronics/STM32Cube_FW_F0_V1.6.0/Drivers/BSP/Components/Common" -I"D:/Program Files/STMicroelectronics/STM32Cube_FW_F0_V1.6.0/Middlewares/ST/STM32_USB_Device_Library/Core/Inc" -I"D:/Program Files/STMicroelectronics/STM32Cube_FW_F0_V1.6.0/Middlewares/ST/STM32_USB_Device_Library/Class/CDC/Inc" -I"D:/Program Files/STMicroelectronics/STM32Cube_FW_F0_V1.6.0/Drivers/CMSIS/Include"  -Os -g3 -Wall -fmessage-length=0 -ffunction-sections -c -fmessage-length=0 -MMD -MP -MF"Application/User/usbd_cdc_interface.d" -MT"Application/User/usbd_cdc_interface.o" -o "Application/User/usbd_cdc_interface.o" "D:/Program Files/STMicroelectronics/STM32Cube_FW_F0_V1.6.0/Projects/STM32072B_EVAL/Applications/USB_Device/CDC_Standalone/Src/usbd_cdc_interface.c"
Finished building: D:/Program Files/STMicroelectronics/STM32Cube_FW_F0_V1.6.0/Projects/STM32072B_EVAL/Applications/USB_Device/CDC_Standalone/Src/usbd_cdc_interface.c
 
Building file: D:/Program Files/STMicroelectronics/STM32Cube_FW_F0_V1.6.0/Projects/STM32072B_EVAL/Applications/USB_Device/CDC_Standalone/Src/usbd_conf.c
Invoking: MCU GCC Compiler
%cd%
arm-none-eabi-gcc -mcpu=cortex-m0 -mthumb -mfloat-abi=soft -DSTM32F072xB -DUSE_STM32072B_EVAL -DUSE_HAL_DRIVER -I"D:/Program Files/STMicroelectronics/STM32Cube_FW_F0_V1.6.0/Projects/STM32072B_EVAL/Applications/USB_Device/CDC_Standalone/Inc" -I"D:/Program Files/STMicroelectronics/STM32Cube_FW_F0_V1.6.0/Drivers/CMSIS/Device/ST/STM32F0xx/Include" -I"D:/Program Files/STMicroelectronics/STM32Cube_FW_F0_V1.6.0/Drivers/STM32F0xx_HAL_Driver/Inc" -I"D:/Program Files/STMicroelectronics/STM32Cube_FW_F0_V1.6.0/Drivers/BSP/STM32072B_EVAL" -I"D:/Program Files/STMicroelectronics/STM32Cube_FW_F0_V1.6.0/Drivers/BSP/Components/Common" -I"D:/Program Files/STMicroelectronics/STM32Cube_FW_F0_V1.6.0/Middlewares/ST/STM32_USB_Device_Library/Core/Inc" -I"D:/Program Files/STMicroelectronics/STM32Cube_FW_F0_V1.6.0/Middlewares/ST/STM32_USB_Device_Library/Class/CDC/Inc" -I"D:/Program Files/STMicroelectronics/STM32Cube_FW_F0_V1.6.0/Drivers/CMSIS/Include"  -Os -g3 -Wall -fmessage-length=0 -ffunction-sections -c -fmessage-length=0 -MMD -MP -MF"Application/User/usbd_conf.d" -MT"Application/User/usbd_conf.o" -o "Application/User/usbd_conf.o" "D:/Program Files/STMicroelectronics/STM32Cube_FW_F0_V1.6.0/Projects/STM32072B_EVAL/Applications/USB_Device/CDC_Standalone/Src/usbd_conf.c"
Finished building: D:/Program Files/STMicroelectronics/STM32Cube_FW_F0_V1.6.0/Projects/STM32072B_EVAL/Applications/USB_Device/CDC_Standalone/Src/usbd_conf.c
 
Building file: D:/Program Files/STMicroelectronics/STM32Cube_FW_F0_V1.6.0/Projects/STM32072B_EVAL/Applications/USB_Device/CDC_Standalone/Src/usbd_desc.c
Invoking: MCU GCC Compiler
%cd%
arm-none-eabi-gcc -mcpu=cortex-m0 -mthumb -mfloat-abi=soft -DSTM32F072xB -DUSE_STM32072B_EVAL -DUSE_HAL_DRIVER -I"D:/Program Files/STMicroelectronics/STM32Cube_FW_F0_V1.6.0/Projects/STM32072B_EVAL/Applications/USB_Device/CDC_Standalone/Inc" -I"D:/Program Files/STMicroelectronics/STM32Cube_FW_F0_V1.6.0/Drivers/CMSIS/Device/ST/STM32F0xx/Include" -I"D:/Program Files/STMicroelectronics/STM32Cube_FW_F0_V1.6.0/Drivers/STM32F0xx_HAL_Driver/Inc" -I"D:/Program Files/STMicroelectronics/STM32Cube_FW_F0_V1.6.0/Drivers/BSP/STM32072B_EVAL" -I"D:/Program Files/STMicroelectronics/STM32Cube_FW_F0_V1.6.0/Drivers/BSP/Components/Common" -I"D:/Program Files/STMicroelectronics/STM32Cube_FW_F0_V1.6.0/Middlewares/ST/STM32_USB_Device_Library/Core/Inc" -I"D:/Program Files/STMicroelectronics/STM32Cube_FW_F0_V1.6.0/Middlewares/ST/STM32_USB_Device_Library/Class/CDC/Inc" -I"D:/Program Files/STMicroelectronics/STM32Cube_FW_F0_V1.6.0/Drivers/CMSIS/Include"  -Os -g3 -Wall -fmessage-length=0 -ffunction-sections -c -fmessage-length=0 -MMD -MP -MF"Application/User/usbd_desc.d" -MT"Application/User/usbd_desc.o" -o "Application/User/usbd_desc.o" "D:/Program Files/STMicroelectronics/STM32Cube_FW_F0_V1.6.0/Projects/STM32072B_EVAL/Applications/USB_Device/CDC_Standalone/Src/usbd_desc.c"
Finished building: D:/Program Files/STMicroelectronics/STM32Cube_FW_F0_V1.6.0/Projects/STM32072B_EVAL/Applications/USB_Device/CDC_Standalone/Src/usbd_desc.c
 
Building file: D:/Program Files/STMicroelectronics/STM32Cube_FW_F0_V1.6.0/Projects/STM32072B_EVAL/Applications/USB_Device/CDC_Standalone/SW4STM32/startup_stm32f072xb.s
Invoking: MCU GCC Assembler
%cd%
arm-none-eabi-as -mcpu=cortex-m0 -mthumb -mfloat-abi=soft -g -o "Application/SW4STM32/startup_stm32f072xb.o" "D:/Program Files/STMicroelectronics/STM32Cube_FW_F0_V1.6.0/Projects/STM32072B_EVAL/Applications/USB_Device/CDC_Standalone/SW4STM32/startup_stm32f072xb.s"
Finished building: D:/Program Files/STMicroelectronics/STM32Cube_FW_F0_V1.6.0/Projects/STM32072B_EVAL/Applications/USB_Device/CDC_Standalone/SW4STM32/startup_stm32f072xb.s
 
Building target: STM32072B_EVAL_USB.elf
Invoking: MCU GCC Linker
arm-none-eabi-gcc -mcpu=cortex-m0 -mthumb -mfloat-abi=soft -specs=nosys.specs -specs=nano.specs -T"../STM32F072VBTx_FLASH.ld" -Wl,-Map=output.map -Wl,--gc-sections -lm -o "STM32072B_EVAL_USB.elf" @"objects.list"  
Finished building target: STM32072B_EVAL_USB.elf
 
make --no-print-directory post-build
Generating binary and Printing size information:
arm-none-eabi-objcopy -O binary "STM32072B_EVAL_USB.elf" "STM32072B_EVAL_USB.bin"
arm-none-eabi-size "STM32072B_EVAL_USB.elf"
   text	   data	    bss	    dec	    hex	filename
  15660	    428	   7852	  23940	   5d84	STM32072B_EVAL_USB.elf
 

11:33:14 Build Finished (took 1m:2s.736ms)

